Component: ARM Compiler 6.16 Tool: armlink [5dfeaa00]

==============================================================================

Section Cross References

    gpio.o(.ARM.exidx.text.initGPIO) refers to gpio.o(.text.initGPIO) for [Anonymous Symbol]
    gpio.o(.ARM.exidx.text.deinitGPIO) refers to gpio.o(.text.deinitGPIO) for [Anonymous Symbol]
    main.o(.text.main) refers to main.o(.text.FindAppFlag) for FindAppFlag
    main.o(.text.main) refers to rcc.o(.text.initRCC) for initRCC
    main.o(.text.main) refers to gpio.o(.text.initGPIO) for initGPIO
    main.o(.text.main) refers to uart.o(.text.initUART) for initUART
    main.o(.text.main) refers to tim.o(.text.initTIM) for initTIM
    main.o(.text.main) refers to main.o(.text.Recieve_message_withou_while) for Recieve_message_withou_while
    main.o(.text.main) refers to tim.o(.text.deinitTIM) for deinitTIM
    main.o(.text.main) refers to uart.o(.text.UART_Receive) for UART_Receive
    main.o(.text.main) refers to main.o(.text.CMD_ERASE_handle) for CMD_ERASE_handle
    main.o(.text.main) refers to uart.o(.text.UART_Transmit) for UART_Transmit
    main.o(.text.main) refers to main.o(.text.CMD_WRITE_handle) for CMD_WRITE_handle
    main.o(.text.main) refers to main.o(.text.CMD_GETID_handle) for CMD_GETID_handle
    main.o(.text.main) refers to main.o(.text.CMD_RESET_handle) for CMD_RESET_handle
    main.o(.text.main) refers to rcc.o(.text.deinitRCC) for deinitRCC
    main.o(.text.main) refers to gpio.o(.text.deinitGPIO) for deinitGPIO
    main.o(.text.main) refers to uart.o(.text.deinitUART) for deinitUART
    main.o(.text.main) refers to main.o(.text.JumpToApp) for JumpToApp
    main.o(.text.main) refers to main.o(.bss..L_MergedGlobals) for [Anonymous Symbol]
    main.o(.ARM.exidx.text.main) refers to main.o(.text.main) for [Anonymous Symbol]
    main.o(.ARM.exidx.text.FindAppFlag) refers to main.o(.text.FindAppFlag) for [Anonymous Symbol]
    main.o(.text.Recieve_message_withou_while) refers to main.o(.text.CheckSumCalc) for CheckSumCalc
    main.o(.text.Recieve_message_withou_while) refers to uart.o(.text.UART_Transmit) for UART_Transmit
    main.o(.text.Recieve_message_withou_while) refers to main.o(.bss..L_MergedGlobals) for [Anonymous Symbol]
    main.o(.ARM.exidx.text.Recieve_message_withou_while) refers to main.o(.text.Recieve_message_withou_while) for [Anonymous Symbol]
    main.o(.ARM.exidx.text.JumpToApp) refers to main.o(.text.JumpToApp) for [Anonymous Symbol]
    main.o(.text.CMD_ERASE_handle) refers to main.o(.text.ReceiveMagicWord) for ReceiveMagicWord
    main.o(.text.CMD_ERASE_handle) refers to uart.o(.text.UART_Receive) for UART_Receive
    main.o(.text.CMD_ERASE_handle) refers to main.o(.text.CheckSumCalc) for CheckSumCalc
    main.o(.text.CMD_ERASE_handle) refers to flash.o(.text.ErasePage) for ErasePage
    main.o(.text.CMD_ERASE_handle) refers to uart.o(.text.UART_Transmit) for UART_Transmit
    main.o(.text.CMD_ERASE_handle) refers to main.o(.bss..L_MergedGlobals) for [Anonymous Symbol]
    main.o(.ARM.exidx.text.CMD_ERASE_handle) refers to main.o(.text.CMD_ERASE_handle) for [Anonymous Symbol]
    main.o(.text.CMD_GETID_handle) refers to main.o(.text.ReceiveMagicWord) for ReceiveMagicWord
    main.o(.text.CMD_GETID_handle) refers to uart.o(.text.UART_Receive) for UART_Receive
    main.o(.text.CMD_GETID_handle) refers to main.o(.text.CheckSumCalc) for CheckSumCalc
    main.o(.text.CMD_GETID_handle) refers to memcpya.o(.text) for __aeabi_memcpy
    main.o(.text.CMD_GETID_handle) refers to uart.o(.text.UART_Transmit) for UART_Transmit
    main.o(.text.CMD_GETID_handle) refers to main.o(.bss..L_MergedGlobals) for [Anonymous Symbol]
    main.o(.ARM.exidx.text.CMD_GETID_handle) refers to main.o(.text.CMD_GETID_handle) for [Anonymous Symbol]
    main.o(.text.CMD_WRITE_handle) refers to main.o(.text.ReceiveMagicWord) for ReceiveMagicWord
    main.o(.text.CMD_WRITE_handle) refers to uart.o(.text.UART_Receive) for UART_Receive
    main.o(.text.CMD_WRITE_handle) refers to main.o(.text.CheckSumCalc) for CheckSumCalc
    main.o(.text.CMD_WRITE_handle) refers to flash.o(.text.WriteHexString) for WriteHexString
    main.o(.text.CMD_WRITE_handle) refers to uart.o(.text.UART_Transmit) for UART_Transmit
    main.o(.text.CMD_WRITE_handle) refers to main.o(.bss..L_MergedGlobals) for [Anonymous Symbol]
    main.o(.ARM.exidx.text.CMD_WRITE_handle) refers to main.o(.text.CMD_WRITE_handle) for [Anonymous Symbol]
    main.o(.text.CMD_RESET_handle) refers to main.o(.text.ReceiveMagicWord) for ReceiveMagicWord
    main.o(.text.CMD_RESET_handle) refers to uart.o(.text.UART_Receive) for UART_Receive
    main.o(.text.CMD_RESET_handle) refers to main.o(.text.CheckSumCalc) for CheckSumCalc
    main.o(.text.CMD_RESET_handle) refers to uart.o(.text.UART_Transmit) for UART_Transmit
    main.o(.text.CMD_RESET_handle) refers to iwdg.o(.text.initIWDG) for initIWDG
    main.o(.text.CMD_RESET_handle) refers to main.o(.bss..L_MergedGlobals) for [Anonymous Symbol]
    main.o(.ARM.exidx.text.CMD_RESET_handle) refers to main.o(.text.CMD_RESET_handle) for [Anonymous Symbol]
    main.o(.text.ReceiveMagicWord) refers to main.o(.bss..L_MergedGlobals) for [Anonymous Symbol]
    main.o(.text.ReceiveMagicWord) refers to uart.o(.text.UART_Receive) for UART_Receive
    main.o(.ARM.exidx.text.ReceiveMagicWord) refers to main.o(.text.ReceiveMagicWord) for [Anonymous Symbol]
    main.o(.ARM.exidx.text.CheckSumCalc) refers to main.o(.text.CheckSumCalc) for [Anonymous Symbol]
    rcc.o(.ARM.exidx.text.initRCC) refers to rcc.o(.text.initRCC) for [Anonymous Symbol]
    rcc.o(.ARM.exidx.text.deinitRCC) refers to rcc.o(.text.deinitRCC) for [Anonymous Symbol]
    uart.o(.ARM.exidx.text.initUART) refers to uart.o(.text.initUART) for [Anonymous Symbol]
    uart.o(.ARM.exidx.text.deinitUART) refers to uart.o(.text.deinitUART) for [Anonymous Symbol]
    uart.o(.ARM.exidx.text.UART_Transmit) refers to uart.o(.text.UART_Transmit) for [Anonymous Symbol]
    uart.o(.text.UART_Receive) refers to uart.o(.text.UART_Transmit) for UART_Transmit
    uart.o(.ARM.exidx.text.UART_Receive) refers to uart.o(.text.UART_Receive) for [Anonymous Symbol]
    flash.o(.ARM.exidx.text.Flash_Unlock) refers to flash.o(.text.Flash_Unlock) for [Anonymous Symbol]
    flash.o(.ARM.exidx.text.Flash_Lock) refers to flash.o(.text.Flash_Lock) for [Anonymous Symbol]
    flash.o(.text.WriteHalfWord) refers to flash.o(.text.Flash_Unlock) for Flash_Unlock
    flash.o(.ARM.exidx.text.WriteHalfWord) refers to flash.o(.text.WriteHalfWord) for [Anonymous Symbol]
    flash.o(.text.WriteHexString) refers to flash.o(.text.Flash_Unlock) for Flash_Unlock
    flash.o(.ARM.exidx.text.WriteHexString) refers to flash.o(.text.WriteHexString) for [Anonymous Symbol]
    flash.o(.text.ErasePage) refers to flash.o(.text.Flash_Unlock) for Flash_Unlock
    flash.o(.ARM.exidx.text.ErasePage) refers to flash.o(.text.ErasePage) for [Anonymous Symbol]
    flash.o(.ARM.exidx.text.OB_unlock) refers to flash.o(.text.OB_unlock) for [Anonymous Symbol]
    flash.o(.ARM.exidx.text.OB_lock) refers to flash.o(.text.OB_lock) for [Anonymous Symbol]
    flash.o(.ARM.exidx.text.OB_programming) refers to flash.o(.text.OB_programming) for [Anonymous Symbol]
    iwdg.o(.ARM.exidx.text.initIWDG) refers to iwdg.o(.text.initIWDG) for [Anonymous Symbol]
    tim.o(.ARM.exidx.text.initTIM) refers to tim.o(.text.initTIM) for [Anonymous Symbol]
    tim.o(.ARM.exidx.text.deinitTIM) refers to tim.o(.text.deinitTIM) for [Anonymous Symbol]
    startup_stm32f030x6.o(RESET) refers to startup_stm32f030x6.o(STACK) for __initial_sp
    startup_stm32f030x6.o(RESET) refers to startup_stm32f030x6.o(.text) for Reset_Handler
    startup_stm32f030x6.o(.text) refers to system_stm32f0xx.o(.text.SystemInit) for SystemInit
    startup_stm32f030x6.o(.text) refers to entry.o(.ARM.Collect$$$$00000000) for __main
    system_stm32f0xx.o(.ARM.exidx.text.SystemInit) refers to system_stm32f0xx.o(.text.SystemInit) for [Anonymous Symbol]
    system_stm32f0xx.o(.text.SystemCoreClockUpdate) refers to uidiv_div0.o(.text) for __aeabi_uidiv
    system_stm32f0xx.o(.text.SystemCoreClockUpdate) refers to system_stm32f0xx.o(.data.SystemCoreClock) for SystemCoreClock
    system_stm32f0xx.o(.text.SystemCoreClockUpdate) refers to system_stm32f0xx.o(.rodata.AHBPrescTable) for AHBPrescTable
    system_stm32f0xx.o(.ARM.exidx.text.SystemCoreClockUpdate) refers to system_stm32f0xx.o(.text.SystemCoreClockUpdate) for [Anonymous Symbol]
    entry.o(.ARM.Collect$$$$00000000) refers (Special) to entry10a.o(.ARM.Collect$$$$0000000D) for __rt_final_cpp
    entry.o(.ARM.Collect$$$$00000000) refers (Special) to entry11a.o(.ARM.Collect$$$$0000000F) for __rt_final_exit
    entry.o(.ARM.Collect$$$$00000000) refers (Special) to entry7b.o(.ARM.Collect$$$$00000008) for _main_clock
    entry.o(.ARM.Collect$$$$00000000) refers (Special) to entry8b.o(.ARM.Collect$$$$0000000A) for _main_cpp_init
    entry.o(.ARM.Collect$$$$00000000) refers (Special) to entry9a.o(.ARM.Collect$$$$0000000B) for _main_init
    entry.o(.ARM.Collect$$$$00000000) refers (Special) to entry5.o(.ARM.Collect$$$$00000004) for _main_scatterload
    entry.o(.ARM.Collect$$$$00000000) refers (Special) to entry2.o(.ARM.Collect$$$$00000001) for _main_stk
    entry2.o(.ARM.Collect$$$$00000001) refers to entry2.o(.ARM.Collect$$$$00002712) for __lit__00000000
    entry2.o(.ARM.Collect$$$$00002712) refers to startup_stm32f030x6.o(STACK) for __initial_sp
    entry2.o(__vectab_stack_and_reset_area) refers to startup_stm32f030x6.o(STACK) for __initial_sp
    entry2.o(__vectab_stack_and_reset_area) refers to entry.o(.ARM.Collect$$$$00000000) for __main
    entry5.o(.ARM.Collect$$$$00000004) refers to init.o(.text) for __scatterload
    entry9a.o(.ARM.Collect$$$$0000000B) refers to main.o(.text.main) for main
    entry9b.o(.ARM.Collect$$$$0000000C) refers to main.o(.text.main) for main
    idiv_div0.o(.text) refers to uidiv_div0.o(.text) for __aeabi_uidivmod
    init.o(.text) refers to entry5.o(.ARM.Collect$$$$00000004) for __main_after_scatterload


==============================================================================

Removing Unused input sections from the image.

    Removing gpio.o(.text), (0 bytes).
    Removing gpio.o(.ARM.exidx.text.initGPIO), (8 bytes).
    Removing gpio.o(.ARM.exidx.text.deinitGPIO), (8 bytes).
    Removing main.o(.text), (0 bytes).
    Removing main.o(.ARM.exidx.text.main), (8 bytes).
    Removing main.o(.ARM.exidx.text.FindAppFlag), (8 bytes).
    Removing main.o(.ARM.exidx.text.Recieve_message_withou_while), (8 bytes).
    Removing main.o(.ARM.exidx.text.JumpToApp), (8 bytes).
    Removing main.o(.ARM.exidx.text.CMD_ERASE_handle), (8 bytes).
    Removing main.o(.ARM.exidx.text.CMD_GETID_handle), (8 bytes).
    Removing main.o(.ARM.exidx.text.CMD_WRITE_handle), (8 bytes).
    Removing main.o(.ARM.exidx.text.CMD_RESET_handle), (8 bytes).
    Removing main.o(.ARM.exidx.text.ReceiveMagicWord), (8 bytes).
    Removing main.o(.ARM.exidx.text.CheckSumCalc), (8 bytes).
    Removing main.o(.ARM.use_no_argv), (4 bytes).
    Removing rcc.o(.text), (0 bytes).
    Removing rcc.o(.ARM.exidx.text.initRCC), (8 bytes).
    Removing rcc.o(.ARM.exidx.text.deinitRCC), (8 bytes).
    Removing uart.o(.text), (0 bytes).
    Removing uart.o(.ARM.exidx.text.initUART), (8 bytes).
    Removing uart.o(.ARM.exidx.text.deinitUART), (8 bytes).
    Removing uart.o(.ARM.exidx.text.UART_Transmit), (8 bytes).
    Removing uart.o(.ARM.exidx.text.UART_Receive), (8 bytes).
    Removing flash.o(.text), (0 bytes).
    Removing flash.o(.ARM.exidx.text.Flash_Unlock), (8 bytes).
    Removing flash.o(.text.Flash_Lock), (16 bytes).
    Removing flash.o(.ARM.exidx.text.Flash_Lock), (8 bytes).
    Removing flash.o(.text.WriteHalfWord), (60 bytes).
    Removing flash.o(.ARM.exidx.text.WriteHalfWord), (8 bytes).
    Removing flash.o(.ARM.exidx.text.WriteHexString), (8 bytes).
    Removing flash.o(.ARM.exidx.text.ErasePage), (8 bytes).
    Removing flash.o(.text.OB_unlock), (48 bytes).
    Removing flash.o(.ARM.exidx.text.OB_unlock), (8 bytes).
    Removing flash.o(.text.OB_lock), (12 bytes).
    Removing flash.o(.ARM.exidx.text.OB_lock), (8 bytes).
    Removing flash.o(.text.OB_programming), (60 bytes).
    Removing flash.o(.ARM.exidx.text.OB_programming), (8 bytes).
    Removing iwdg.o(.text), (0 bytes).
    Removing iwdg.o(.ARM.exidx.text.initIWDG), (8 bytes).
    Removing tim.o(.text), (0 bytes).
    Removing tim.o(.ARM.exidx.text.initTIM), (8 bytes).
    Removing tim.o(.ARM.exidx.text.deinitTIM), (8 bytes).
    Removing startup_stm32f030x6.o(HEAP), (512 bytes).
    Removing system_stm32f0xx.o(.text), (0 bytes).
    Removing system_stm32f0xx.o(.ARM.exidx.text.SystemInit), (8 bytes).
    Removing system_stm32f0xx.o(.text.SystemCoreClockUpdate), (92 bytes).
    Removing system_stm32f0xx.o(.ARM.exidx.text.SystemCoreClockUpdate), (8 bytes).
    Removing system_stm32f0xx.o(.data.SystemCoreClock), (4 bytes).
    Removing system_stm32f0xx.o(.rodata.AHBPrescTable), (16 bytes).
    Removing system_stm32f0xx.o(.rodata.APBPrescTable), (8 bytes).

50 unused section(s) (total 1080 bytes) removed from the image.

==============================================================================

Image Symbol Table

    Local Symbols

    Symbol Name                              Value     Ov Type        Size  Object(Section)

    ../clib/division.s                       0x00000000   Number         0  aeabi_sdiv.o ABSOLUTE
    ../clib/division.s                       0x00000000   Number         0  aeabi_sdiv_div0.o ABSOLUTE
    ../clib/microlib/division.c              0x00000000   Number         0  uidiv.o ABSOLUTE
    ../clib/microlib/division.c              0x00000000   Number         0  uidiv_div0.o ABSOLUTE
    ../clib/microlib/division.c              0x00000000   Number         0  idiv_div0.o ABSOLUTE
    ../clib/microlib/division.c              0x00000000   Number         0  idiv0.o ABSOLUTE
    ../clib/microlib/init/entry.s            0x00000000   Number         0  entry.o ABSOLUTE
    ../clib/microlib/init/entry.s            0x00000000   Number         0  entry2.o ABSOLUTE
    ../clib/microlib/init/entry.s            0x00000000   Number         0  entry5.o ABSOLUTE
    ../clib/microlib/init/entry.s            0x00000000   Number         0  entry7a.o ABSOLUTE
    ../clib/microlib/init/entry.s            0x00000000   Number         0  entry7b.o ABSOLUTE
    ../clib/microlib/init/entry.s            0x00000000   Number         0  entry8a.o ABSOLUTE
    ../clib/microlib/init/entry.s            0x00000000   Number         0  entry8b.o ABSOLUTE
    ../clib/microlib/init/entry.s            0x00000000   Number         0  entry9a.o ABSOLUTE
    ../clib/microlib/init/entry.s            0x00000000   Number         0  entry9b.o ABSOLUTE
    ../clib/microlib/init/entry.s            0x00000000   Number         0  entry10a.o ABSOLUTE
    ../clib/microlib/init/entry.s            0x00000000   Number         0  entry10b.o ABSOLUTE
    ../clib/microlib/init/entry.s            0x00000000   Number         0  entry11a.o ABSOLUTE
    ../clib/microlib/init/entry.s            0x00000000   Number         0  entry11b.o ABSOLUTE
    ../clib/microlib/string/memcpy.c         0x00000000   Number         0  memcpya.o ABSOLUTE
    ../clib/microlib/string/memcpy.c         0x00000000   Number         0  memcpyb.o ABSOLUTE
    RTE\Device\STM32F030F4Px\startup_stm32f030x6.s 0x00000000   Number         0  startup_stm32f030x6.o ABSOLUTE
    dc.s                                     0x00000000   Number         0  dc.o ABSOLUTE
    flash.c                                  0x00000000   Number         0  flash.o ABSOLUTE
    gpio.c                                   0x00000000   Number         0  gpio.o ABSOLUTE
    handlers.s                               0x00000000   Number         0  handlers.o ABSOLUTE
    init.s                                   0x00000000   Number         0  init.o ABSOLUTE
    iwdg.c                                   0x00000000   Number         0  iwdg.o ABSOLUTE
    main.c                                   0x00000000   Number         0  main.o ABSOLUTE
    rcc.c                                    0x00000000   Number         0  rcc.o ABSOLUTE
    system_stm32f0xx.c                       0x00000000   Number         0  system_stm32f0xx.o ABSOLUTE
    tim.c                                    0x00000000   Number         0  tim.o ABSOLUTE
    uart.c                                   0x00000000   Number         0  uart.o ABSOLUTE
    RESET                                    0x08000000   Section      176  startup_stm32f030x6.o(RESET)
    .ARM.Collect$$$$00000000                 0x080000b0   Section        0  entry.o(.ARM.Collect$$$$00000000)
    .ARM.Collect$$$$00000001                 0x080000b0   Section        4  entry2.o(.ARM.Collect$$$$00000001)
    .ARM.Collect$$$$00000004                 0x080000b4   Section        4  entry5.o(.ARM.Collect$$$$00000004)
    .ARM.Collect$$$$00000008                 0x080000b8   Section        0  entry7b.o(.ARM.Collect$$$$00000008)
    .ARM.Collect$$$$0000000A                 0x080000b8   Section        0  entry8b.o(.ARM.Collect$$$$0000000A)
    .ARM.Collect$$$$0000000B                 0x080000b8   Section        8  entry9a.o(.ARM.Collect$$$$0000000B)
    __lit__00000000                          0x080000c0   Data           4  entry2.o(.ARM.Collect$$$$00002712)
    .ARM.Collect$$$$0000000D                 0x080000c0   Section        0  entry10a.o(.ARM.Collect$$$$0000000D)
    .ARM.Collect$$$$0000000F                 0x080000c0   Section        0  entry11a.o(.ARM.Collect$$$$0000000F)
    .ARM.Collect$$$$00002712                 0x080000c0   Section        4  entry2.o(.ARM.Collect$$$$00002712)
    .text                                    0x080000c4   Section       28  startup_stm32f030x6.o(.text)
    .text                                    0x080000e0   Section        0  memcpya.o(.text)
    .text                                    0x08000104   Section       36  init.o(.text)
    [Anonymous Symbol]                       0x08000128   Section        0  main.o(.text.CMD_ERASE_handle)
    [Anonymous Symbol]                       0x08000188   Section        0  main.o(.text.CMD_GETID_handle)
    __arm_cp.5_0                             0x080001ec   Number         4  main.o(.text.CMD_GETID_handle)
    [Anonymous Symbol]                       0x08000210   Section        0  main.o(.text.CMD_RESET_handle)
    [Anonymous Symbol]                       0x08000244   Section        0  main.o(.text.CMD_WRITE_handle)
    [Anonymous Symbol]                       0x0800028c   Section        0  main.o(.text.CheckSumCalc)
    [Anonymous Symbol]                       0x080002a8   Section        0  flash.o(.text.ErasePage)
    __arm_cp.4_0                             0x080002e8   Number         4  flash.o(.text.ErasePage)
    [Anonymous Symbol]                       0x080002ec   Section        0  main.o(.text.FindAppFlag)
    [Anonymous Symbol]                       0x08000310   Section        0  flash.o(.text.Flash_Unlock)
    __arm_cp.0_0                             0x08000328   Number         4  flash.o(.text.Flash_Unlock)
    __arm_cp.0_1                             0x0800032c   Number         4  flash.o(.text.Flash_Unlock)
    __arm_cp.0_2                             0x08000330   Number         4  flash.o(.text.Flash_Unlock)
    [Anonymous Symbol]                       0x08000334   Section        0  main.o(.text.JumpToApp)
    __arm_cp.3_0                             0x08000368   Number         4  main.o(.text.JumpToApp)
    __arm_cp.3_1                             0x0800036c   Number         4  main.o(.text.JumpToApp)
    __arm_cp.3_2                             0x08000370   Number         4  main.o(.text.JumpToApp)
    [Anonymous Symbol]                       0x08000374   Section        0  main.o(.text.ReceiveMagicWord)
    __arm_cp.8_1                             0x080003a8   Number         4  main.o(.text.ReceiveMagicWord)
    __arm_cp.8_2                             0x080003ac   Number         4  main.o(.text.ReceiveMagicWord)
    [Anonymous Symbol]                       0x080003b0   Section        0  main.o(.text.Recieve_message_withou_while)
    __arm_cp.2_1                             0x08000410   Number         4  main.o(.text.Recieve_message_withou_while)
    [Anonymous Symbol]                       0x08000414   Section        0  system_stm32f0xx.o(.text.SystemInit)
    [Anonymous Symbol]                       0x08000418   Section        0  uart.o(.text.UART_Receive)
    [Anonymous Symbol]                       0x0800043c   Section        0  uart.o(.text.UART_Transmit)
    __arm_cp.2_0                             0x08000460   Number         4  uart.o(.text.UART_Transmit)
    __arm_cp.2_1                             0x08000464   Number         4  uart.o(.text.UART_Transmit)
    [Anonymous Symbol]                       0x08000468   Section        0  flash.o(.text.WriteHexString)
    __arm_cp.3_0                             0x080004b8   Number         4  flash.o(.text.WriteHexString)
    [Anonymous Symbol]                       0x080004bc   Section        0  gpio.o(.text.deinitGPIO)
    [Anonymous Symbol]                       0x080004f8   Section        0  rcc.o(.text.deinitRCC)
    [Anonymous Symbol]                       0x0800050c   Section        0  tim.o(.text.deinitTIM)
    __arm_cp.1_2                             0x08000528   Number         4  tim.o(.text.deinitTIM)
    [Anonymous Symbol]                       0x0800052c   Section        0  uart.o(.text.deinitUART)
    [Anonymous Symbol]                       0x08000544   Section        0  gpio.o(.text.initGPIO)
    __arm_cp.0_0                             0x080005dc   Number         4  gpio.o(.text.initGPIO)
    __arm_cp.0_1                             0x080005e0   Number         4  gpio.o(.text.initGPIO)
    __arm_cp.0_2                             0x080005e4   Number         4  gpio.o(.text.initGPIO)
    [Anonymous Symbol]                       0x080005e8   Section        0  iwdg.o(.text.initIWDG)
    __arm_cp.0_0                             0x08000618   Number         4  iwdg.o(.text.initIWDG)
    __arm_cp.0_1                             0x0800061c   Number         4  iwdg.o(.text.initIWDG)
    __arm_cp.0_2                             0x08000620   Number         4  iwdg.o(.text.initIWDG)
    __arm_cp.0_3                             0x08000624   Number         4  iwdg.o(.text.initIWDG)
    __arm_cp.0_4                             0x08000628   Number         4  iwdg.o(.text.initIWDG)
    [Anonymous Symbol]                       0x0800062c   Section        0  rcc.o(.text.initRCC)
    __arm_cp.0_0                             0x0800068c   Number         4  rcc.o(.text.initRCC)
    [Anonymous Symbol]                       0x08000690   Section        0  tim.o(.text.initTIM)
    __arm_cp.0_0                             0x080006b0   Number         4  tim.o(.text.initTIM)
    __arm_cp.0_1                             0x080006b4   Number         4  tim.o(.text.initTIM)
    __arm_cp.0_2                             0x080006b8   Number         4  tim.o(.text.initTIM)
    [Anonymous Symbol]                       0x080006bc   Section        0  uart.o(.text.initUART)
    __arm_cp.0_0                             0x080006d4   Number         4  uart.o(.text.initUART)
    __arm_cp.0_1                             0x080006d8   Number         4  uart.o(.text.initUART)
    [Anonymous Symbol]                       0x080006dc   Section        0  main.o(.text.main)
    __arm_cp.0_0                             0x08000798   Number         4  main.o(.text.main)
    __arm_cp.0_1                             0x0800079c   Number         4  main.o(.text.main)
    __arm_cp.0_2                             0x080007a0   Number         4  main.o(.text.main)
    __arm_cp.0_3                             0x080007a4   Number         4  main.o(.text.main)
    __arm_cp.0_4                             0x080007a8   Number         4  main.o(.text.main)
    i.__scatterload_copy                     0x080007ac   Section       14  handlers.o(i.__scatterload_copy)
    i.__scatterload_null                     0x080007ba   Section        2  handlers.o(i.__scatterload_null)
    i.__scatterload_zeroinit                 0x080007bc   Section       14  handlers.o(i.__scatterload_zeroinit)
    Recieve_message_withou_while.rcnt        0x20000000   Data           1  main.o(.bss..L_MergedGlobals)
    [Anonymous Symbol]                       0x20000000   Section        0  main.o(.bss..L_MergedGlobals)
    STACK                                    0x20000030   Section     1024  startup_stm32f030x6.o(STACK)

    Global Symbols

    Symbol Name                              Value     Ov Type        Size  Object(Section)

    BuildAttributes$$THM_ISAv3M$S$PE$A:L22$X:L11$S22$IEEE1$IW$~IW$USESV6$~STKCKD$USESV7$~SHL$OSPACE$EBA8$MICROLIB$REQ8$PRES8$EABIv2 0x00000000   Number         0  anon$$obj.o ABSOLUTE
    __cpp_initialize__aeabi_                  - Undefined Weak Reference
    __cxa_finalize                            - Undefined Weak Reference
    __decompress                              - Undefined Weak Reference
    _clock_init                               - Undefined Weak Reference
    _microlib_exit                            - Undefined Weak Reference
    __Vectors_Size                           0x000000b0   Number         0  startup_stm32f030x6.o ABSOLUTE
    __Vectors                                0x08000000   Data           4  startup_stm32f030x6.o(RESET)
    __Vectors_End                            0x080000b0   Data           0  startup_stm32f030x6.o(RESET)
    __main                                   0x080000b1   Thumb Code     0  entry.o(.ARM.Collect$$$$00000000)
    _main_stk                                0x080000b1   Thumb Code     0  entry2.o(.ARM.Collect$$$$00000001)
    _main_scatterload                        0x080000b5   Thumb Code     0  entry5.o(.ARM.Collect$$$$00000004)
    __main_after_scatterload                 0x080000b9   Thumb Code     0  entry5.o(.ARM.Collect$$$$00000004)
    _main_clock                              0x080000b9   Thumb Code     0  entry7b.o(.ARM.Collect$$$$00000008)
    _main_cpp_init                           0x080000b9   Thumb Code     0  entry8b.o(.ARM.Collect$$$$0000000A)
    _main_init                               0x080000b9   Thumb Code     0  entry9a.o(.ARM.Collect$$$$0000000B)
    __rt_final_cpp                           0x080000c1   Thumb Code     0  entry10a.o(.ARM.Collect$$$$0000000D)
    __rt_final_exit                          0x080000c1   Thumb Code     0  entry11a.o(.ARM.Collect$$$$0000000F)
    Reset_Handler                            0x080000c5   Thumb Code     8  startup_stm32f030x6.o(.text)
    NMI_Handler                              0x080000cd   Thumb Code     2  startup_stm32f030x6.o(.text)
    HardFault_Handler                        0x080000cf   Thumb Code     2  startup_stm32f030x6.o(.text)
    SVC_Handler                              0x080000d1   Thumb Code     2  startup_stm32f030x6.o(.text)
    PendSV_Handler                           0x080000d3   Thumb Code     2  startup_stm32f030x6.o(.text)
    SysTick_Handler                          0x080000d5   Thumb Code     2  startup_stm32f030x6.o(.text)
    ADC1_IRQHandler                          0x080000d7   Thumb Code     0  startup_stm32f030x6.o(.text)
    DMA1_Channel1_IRQHandler                 0x080000d7   Thumb Code     0  startup_stm32f030x6.o(.text)
    DMA1_Channel2_3_IRQHandler               0x080000d7   Thumb Code     0  startup_stm32f030x6.o(.text)
    DMA1_Channel4_5_IRQHandler               0x080000d7   Thumb Code     0  startup_stm32f030x6.o(.text)
    EXTI0_1_IRQHandler                       0x080000d7   Thumb Code     0  startup_stm32f030x6.o(.text)
    EXTI2_3_IRQHandler                       0x080000d7   Thumb Code     0  startup_stm32f030x6.o(.text)
    EXTI4_15_IRQHandler                      0x080000d7   Thumb Code     0  startup_stm32f030x6.o(.text)
    FLASH_IRQHandler                         0x080000d7   Thumb Code     0  startup_stm32f030x6.o(.text)
    I2C1_IRQHandler                          0x080000d7   Thumb Code     0  startup_stm32f030x6.o(.text)
    RCC_IRQHandler                           0x080000d7   Thumb Code     0  startup_stm32f030x6.o(.text)
    RTC_IRQHandler                           0x080000d7   Thumb Code     0  startup_stm32f030x6.o(.text)
    SPI1_IRQHandler                          0x080000d7   Thumb Code     0  startup_stm32f030x6.o(.text)
    TIM14_IRQHandler                         0x080000d7   Thumb Code     0  startup_stm32f030x6.o(.text)
    TIM16_IRQHandler                         0x080000d7   Thumb Code     0  startup_stm32f030x6.o(.text)
    TIM17_IRQHandler                         0x080000d7   Thumb Code     0  startup_stm32f030x6.o(.text)
    TIM1_BRK_UP_TRG_COM_IRQHandler           0x080000d7   Thumb Code     0  startup_stm32f030x6.o(.text)
    TIM1_CC_IRQHandler                       0x080000d7   Thumb Code     0  startup_stm32f030x6.o(.text)
    TIM3_IRQHandler                          0x080000d7   Thumb Code     0  startup_stm32f030x6.o(.text)
    USART1_IRQHandler                        0x080000d7   Thumb Code     0  startup_stm32f030x6.o(.text)
    WWDG_IRQHandler                          0x080000d7   Thumb Code     0  startup_stm32f030x6.o(.text)
    __aeabi_memcpy                           0x080000e1   Thumb Code    36  memcpya.o(.text)
    __aeabi_memcpy4                          0x080000e1   Thumb Code     0  memcpya.o(.text)
    __aeabi_memcpy8                          0x080000e1   Thumb Code     0  memcpya.o(.text)
    __scatterload                            0x08000105   Thumb Code    28  init.o(.text)
    __scatterload_rt2                        0x08000105   Thumb Code     0  init.o(.text)
    CMD_ERASE_handle                         0x08000129   Thumb Code    96  main.o(.text.CMD_ERASE_handle)
    CMD_GETID_handle                         0x08000189   Thumb Code   100  main.o(.text.CMD_GETID_handle)
    CMD_RESET_handle                         0x08000211   Thumb Code    52  main.o(.text.CMD_RESET_handle)
    CMD_WRITE_handle                         0x08000245   Thumb Code    72  main.o(.text.CMD_WRITE_handle)
    CheckSumCalc                             0x0800028d   Thumb Code    28  main.o(.text.CheckSumCalc)
    ErasePage                                0x080002a9   Thumb Code    64  flash.o(.text.ErasePage)
    FindAppFlag                              0x080002ed   Thumb Code    36  main.o(.text.FindAppFlag)
    Flash_Unlock                             0x08000311   Thumb Code    24  flash.o(.text.Flash_Unlock)
    JumpToApp                                0x08000335   Thumb Code    52  main.o(.text.JumpToApp)
    ReceiveMagicWord                         0x08000375   Thumb Code    52  main.o(.text.ReceiveMagicWord)
    Recieve_message_withou_while             0x080003b1   Thumb Code    96  main.o(.text.Recieve_message_withou_while)
    SystemInit                               0x08000415   Thumb Code     2  system_stm32f0xx.o(.text.SystemInit)
    UART_Receive                             0x08000419   Thumb Code    36  uart.o(.text.UART_Receive)
    UART_Transmit                            0x0800043d   Thumb Code    36  uart.o(.text.UART_Transmit)
    WriteHexString                           0x08000469   Thumb Code    80  flash.o(.text.WriteHexString)
    deinitGPIO                               0x080004bd   Thumb Code    60  gpio.o(.text.deinitGPIO)
    deinitRCC                                0x080004f9   Thumb Code    20  rcc.o(.text.deinitRCC)
    deinitTIM                                0x0800050d   Thumb Code    28  tim.o(.text.deinitTIM)
    deinitUART                               0x0800052d   Thumb Code    24  uart.o(.text.deinitUART)
    initGPIO                                 0x08000545   Thumb Code   152  gpio.o(.text.initGPIO)
    initIWDG                                 0x080005e9   Thumb Code    48  iwdg.o(.text.initIWDG)
    initRCC                                  0x0800062d   Thumb Code    96  rcc.o(.text.initRCC)
    initTIM                                  0x08000691   Thumb Code    32  tim.o(.text.initTIM)
    initUART                                 0x080006bd   Thumb Code    24  uart.o(.text.initUART)
    main                                     0x080006dd   Thumb Code   188  main.o(.text.main)
    __scatterload_copy                       0x080007ad   Thumb Code    14  handlers.o(i.__scatterload_copy)
    __scatterload_null                       0x080007bb   Thumb Code     2  handlers.o(i.__scatterload_null)
    __scatterload_zeroinit                   0x080007bd   Thumb Code    14  handlers.o(i.__scatterload_zeroinit)
    Region$$Table$$Base                      0x080007cc   Number         0  anon$$obj.o(Region$$Table)
    Region$$Table$$Limit                     0x080007dc   Number         0  anon$$obj.o(Region$$Table)
    uart_buf                                 0x20000001   Data          40  main.o(.bss..L_MergedGlobals)
    __initial_sp                             0x20000430   Data           0  startup_stm32f030x6.o(STACK)



==============================================================================

Memory Map of the image

  Image Entry point : 0x080000b1

  Load Region LR_IROM1 (Base: 0x08000000, Size: 0x000007dc, Max: 0x00004000, ABSOLUTE)

    Execution Region ER_IROM1 (Exec base: 0x08000000, Load base: 0x08000000, Size: 0x000007dc, Max: 0x00004000, ABSOLUTE)

    Exec Addr    Load Addr    Size         Type   Attr      Idx    E Section Name        Object

    0x08000000   0x08000000   0x000000b0   Data   RO          115    RESET               startup_stm32f030x6.o
    0x080000b0   0x080000b0   0x00000000   Code   RO          137  * .ARM.Collect$$$$00000000  mc_p.l(entry.o)
    0x080000b0   0x080000b0   0x00000004   Code   RO          148    .ARM.Collect$$$$00000001  mc_p.l(entry2.o)
    0x080000b4   0x080000b4   0x00000004   Code   RO          151    .ARM.Collect$$$$00000004  mc_p.l(entry5.o)
    0x080000b8   0x080000b8   0x00000000   Code   RO          153    .ARM.Collect$$$$00000008  mc_p.l(entry7b.o)
    0x080000b8   0x080000b8   0x00000000   Code   RO          155    .ARM.Collect$$$$0000000A  mc_p.l(entry8b.o)
    0x080000b8   0x080000b8   0x00000008   Code   RO          156    .ARM.Collect$$$$0000000B  mc_p.l(entry9a.o)
    0x080000c0   0x080000c0   0x00000000   Code   RO          158    .ARM.Collect$$$$0000000D  mc_p.l(entry10a.o)
    0x080000c0   0x080000c0   0x00000000   Code   RO          160    .ARM.Collect$$$$0000000F  mc_p.l(entry11a.o)
    0x080000c0   0x080000c0   0x00000004   Code   RO          149    .ARM.Collect$$$$00002712  mc_p.l(entry2.o)
    0x080000c4   0x080000c4   0x0000001c   Code   RO          116    .text               startup_stm32f030x6.o
    0x080000e0   0x080000e0   0x00000024   Code   RO          144    .text               mc_p.l(memcpya.o)
    0x08000104   0x08000104   0x00000024   Code   RO          170    .text               mc_p.l(init.o)
    0x08000128   0x08000128   0x00000060   Code   RO           21    .text.CMD_ERASE_handle  main.o
    0x08000188   0x08000188   0x00000088   Code   RO           23    .text.CMD_GETID_handle  main.o
    0x08000210   0x08000210   0x00000034   Code   RO           27    .text.CMD_RESET_handle  main.o
    0x08000244   0x08000244   0x00000048   Code   RO           25    .text.CMD_WRITE_handle  main.o
    0x0800028c   0x0800028c   0x0000001c   Code   RO           31    .text.CheckSumCalc  main.o
    0x080002a8   0x080002a8   0x00000044   Code   RO           79    .text.ErasePage     flash.o
    0x080002ec   0x080002ec   0x00000024   Code   RO           15    .text.FindAppFlag   main.o
    0x08000310   0x08000310   0x00000024   Code   RO           71    .text.Flash_Unlock  flash.o
    0x08000334   0x08000334   0x00000040   Code   RO           19    .text.JumpToApp     main.o
    0x08000374   0x08000374   0x0000003c   Code   RO           29    .text.ReceiveMagicWord  main.o
    0x080003b0   0x080003b0   0x00000064   Code   RO           17    .text.Recieve_message_withou_while  main.o
    0x08000414   0x08000414   0x00000002   Code   RO          123    .text.SystemInit    system_stm32f0xx.o
    0x08000416   0x08000416   0x00000002   PAD
    0x08000418   0x08000418   0x00000024   Code   RO           61    .text.UART_Receive  uart.o
    0x0800043c   0x0800043c   0x0000002c   Code   RO           59    .text.UART_Transmit  uart.o
    0x08000468   0x08000468   0x00000054   Code   RO           77    .text.WriteHexString  flash.o
    0x080004bc   0x080004bc   0x0000003c   Code   RO            4    .text.deinitGPIO    gpio.o
    0x080004f8   0x080004f8   0x00000014   Code   RO           45    .text.deinitRCC     rcc.o
    0x0800050c   0x0800050c   0x00000020   Code   RO          105    .text.deinitTIM     tim.o
    0x0800052c   0x0800052c   0x00000018   Code   RO           57    .text.deinitUART    uart.o
    0x08000544   0x08000544   0x000000a4   Code   RO            2    .text.initGPIO      gpio.o
    0x080005e8   0x080005e8   0x00000044   Code   RO           95    .text.initIWDG      iwdg.o
    0x0800062c   0x0800062c   0x00000064   Code   RO           43    .text.initRCC       rcc.o
    0x08000690   0x08000690   0x0000002c   Code   RO          103    .text.initTIM       tim.o
    0x080006bc   0x080006bc   0x00000020   Code   RO           55    .text.initUART      uart.o
    0x080006dc   0x080006dc   0x000000d0   Code   RO           13    .text.main          main.o
    0x080007ac   0x080007ac   0x0000000e   Code   RO          174    i.__scatterload_copy  mc_p.l(handlers.o)
    0x080007ba   0x080007ba   0x00000002   Code   RO          175    i.__scatterload_null  mc_p.l(handlers.o)
    0x080007bc   0x080007bc   0x0000000e   Code   RO          176    i.__scatterload_zeroinit  mc_p.l(handlers.o)
    0x080007ca   0x080007ca   0x00000002   PAD
    0x080007cc   0x080007cc   0x00000010   Data   RO          173    Region$$Table       anon$$obj.o


    Execution Region RW_IRAM1 (Exec base: 0x20000000, Load base: 0x080007dc, Size: 0x00000430, Max: 0x00001000, ABSOLUTE)

    Exec Addr    Load Addr    Size         Type   Attr      Idx    E Section Name        Object

    0x20000000        -       0x00000029   Zero   RW           34    .bss..L_MergedGlobals  main.o
    0x20000029   0x080007dc   0x00000007   PAD
    0x20000030        -       0x00000400   Zero   RW          113    STACK               startup_stm32f030x6.o


==============================================================================

Image component sizes


      Code (inc. data)   RO Data    RW Data    ZI Data      Debug   Object Name

       188         20          0          0          0       2300   flash.o
       224         12          0          0          0       1310   gpio.o
        68         20          0          0          0        980   iwdg.o
       852         80          0          0         41       5017   main.o
       120          4          0          0          0       1103   rcc.o
        28          8        176          0       1024        624   startup_stm32f030x6.o
         2          0          0          0          0       1778   system_stm32f0xx.o
        76         16          0          0          0       1327   tim.o
       136         16          0          0          0       2085   uart.o

    ----------------------------------------------------------------------
      1696        176        192          0       1072      16524   Object Totals
         0          0         16          0          0          0   (incl. Generated)
         2          0          0          0          7          0   (incl. Padding)

    ----------------------------------------------------------------------

      Code (inc. data)   RO Data    RW Data    ZI Data      Debug   Library Member Name

         0          0          0          0          0          0   entry.o
         0          0          0          0          0          0   entry10a.o
         0          0          0          0          0          0   entry11a.o
         8          4          0          0          0          0   entry2.o
         4          0          0          0          0          0   entry5.o
         0          0          0          0          0          0   entry7b.o
         0          0          0          0          0          0   entry8b.o
         8          4          0          0          0          0   entry9a.o
        30          0          0          0          0          0   handlers.o
        36          8          0          0          0         68   init.o
        36          0          0          0          0         60   memcpya.o

    ----------------------------------------------------------------------
       124         16          0          0          0        128   Library Totals
         2          0          0          0          0          0   (incl. Padding)

    ----------------------------------------------------------------------

      Code (inc. data)   RO Data    RW Data    ZI Data      Debug   Library Name

       122         16          0          0          0        128   mc_p.l

    ----------------------------------------------------------------------
       124         16          0          0          0        128   Library Totals

    ----------------------------------------------------------------------

==============================================================================


      Code (inc. data)   RO Data    RW Data    ZI Data      Debug   

      1820        192        192          0       1072      16664   Grand Totals
      1820        192        192          0       1072      16664   ELF Image Totals
      1820        192        192          0          0          0   ROM Totals

==============================================================================

    Total RO  Size (Code + RO Data)                 2012 (   1.96kB)
    Total RW  Size (RW Data + ZI Data)              1072 (   1.05kB)
    Total ROM Size (Code + RO Data + RW Data)       2012 (   1.96kB)

==============================================================================

